
> my-portfolio@0.1.0 build
> next build

node.exe :  ΓÜá Warning: Next.js inferred your workspace root, but it may not be correct.
At line:1 char:1
+ & "C:\Program Files\nodejs/node.exe" "C:\Users\MyBook Hype AMD\AppDat ...
+ ~~~~~~~~~~~~~~~~~~~~~~~~~~~~~~~~~~~~~~~~~~~~~~~~~~~~~~~~~~~~~~~~~~~~~
    + CategoryInfo          : NotSpecified: ( ΓÜá Warning: N...not be correct.:String) [], RemoteException
    + FullyQualifiedErrorId : NativeCommandError
 
 We detected multiple lockfiles and selected the directory of D:\Ngoding\WEB Poject\package-lock.json as the root 
directory.
 To silence this warning, set `outputFileTracingRoot` in your Next.js config, or consider removing one of the 
lockfiles if it's not needed.
   See https://nextjs.org/docs/app/api-reference/config/next-config-js/output#caveats for more information.
 Detected additional lockfiles: 
   * D:\Ngoding\WEB Poject\my-portfolio\package-lock.json

   Γû▓ Next.js 15.5.9
   - Environments: .env.local
   - Experiments (use with caution):
     ┬╖ optimizePackageImports

   Creating an optimized production build ...
 Γ£ô Compiled successfully in 8.4s
   Linting and checking validity of types ...

Failed to compile.

./src/app/components/ai-terminal/ai-terminal.tsx
121:10  Warning: 'isGenerating' is assigned a value but never used.  @typescript-eslint/no-unused-vars

./src/app/components/client-side-elements.tsx
28:7  Warning: 'BackgroundController' is assigned a value but never used.  @typescript-eslint/no-unused-vars

./src/app/components/command-center/github-widget.tsx
12:3  Warning: 'Users' is defined but never used.  @typescript-eslint/no-unused-vars
75:11  Warning: 'language' is assigned a value but never used.  @typescript-eslint/no-unused-vars

./src/app/components/contact-section.tsx
4:10  Warning: 'useLanguage' is defined but never used.  @typescript-eslint/no-unused-vars

./src/app/components/floating-navbar.tsx
14:3  Warning: 'List' is defined but never used.  @typescript-eslint/no-unused-vars
155:19  Error: `"` can be escaped with `&quot;`, `&ldquo;`, `&#34;`, `&rdquo;`.  react/no-unescaped-entities
155:86  Error: `"` can be escaped with `&quot;`, `&ldquo;`, `&#34;`, `&rdquo;`.  react/no-unescaped-entities

./src/app/components/projects-section.tsx
12:11  Warning: 't' is assigned a value but never used.  @typescript-eslint/no-unused-vars

./src/app/components/skill-galaxy.tsx
5:18  Warning: 'Skill' is defined but never used.  @typescript-eslint/no-unused-vars
47:26  Warning: Using `<img>` could result in slower LCP and higher bandwidth. Consider using `<Image />` from 
`next/image` or a custom image loader to automatically optimize images. This may incur additional usage or cost from 
your provider. See: https://nextjs.org/docs/messages/no-img-element  @next/next/no-img-element
88:21  Warning: Using `<img>` could result in slower LCP and higher bandwidth. Consider using `<Image />` from 
`next/image` or a custom image loader to automatically optimize images. This may incur additional usage or cost from 
your provider. See: https://nextjs.org/docs/messages/no-img-element  @next/next/no-img-element

./src/components/ui/text-scramble.tsx
54:6  Warning: React Hook useCallback has a missing dependency: 'active'. Either include it or remove the dependency 
array.  react-hooks/exhaustive-deps

info  - Need to disable some ESLint rules? Learn more here: 
https://nextjs.org/docs/app/api-reference/config/eslint#disabling-rules
